// Jest Snapshot v1, https://goo.gl/fbAQLP

exports[`ActivityList component renders an ActivityList by default 1`] = `
<section
  className="activity-list-container"
>
  <div
    className="act-list-top-nav"
  >
    <Link
      className="add-btn"
      to="/add-activity"
    >
      Add Activity
    </Link>
  </div>
  <div>
    <ul
      className="activities-list"
    />
  </div>
</section>
`;
