// Jest Snapshot v1, https://goo.gl/fbAQLP

exports[`AddActivityPage component renders an AddActivityPage by default 1`] = `
<article
  className="add-activity-container"
>
  <ActivityForm
    className="activity-form"
    onSubmit={[Function]}
  >
    <section
      className="field"
    >
      <label
        htmlFor="activity-name-input"
      >
        <span
          className="max-ct"
        >
          *max 27 characters
        </span>
        <h2>
          Activity Name
        </h2>
      </label>
      <textarea
        id="activity-name-input"
        maxLength="27"
        name="activity-name-input"
        placeholder="enter name"
        required={true}
        type="text"
      />
    </section>
    <section
      className="field-supplies"
    >
      <label
        htmlFor="supply-input"
      >
        <h2>
          Supplies
        </h2>
      </label>
      <textarea
        id="supply-input"
        name="supply-input"
        onChange={[Function]}
        required={true}
        type="text"
        value="None, just have fun."
      />
    </section>
    <section
      className="field-description"
    >
      <label
        htmlFor="aboutActivity-input"
      >
        <h2>
          About Activity
        </h2>
      </label>
      <textarea
        id="aboutActivity-input"
        name="aboutActivity-input"
        placeholder="enter description"
        required={true}
        type="text"
      />
    </section>
    <div
      className="buttons"
    >
      <button
        className="sub-btn"
        type="submit"
      >
        Add Activity
      </button>
    </div>
  </ActivityForm>
</article>
`;
