// Jest Snapshot v1, https://goo.gl/fbAQLP

exports[`ContactPage component renders an ContactPage by default 1`] = `
<div>
  <h2>
    Message Me
  </h2>
  <form
    action="https://formspree.io/f/xzbkrnjz"
    method="POST"
  >
    <label
      htmlFor="user-name"
    >
      Name
    </label>
    <input
      id="user-name"
      name="name"
      placeholder="enter full name"
      required={true}
      type="text"
    />
     
    <br />
    <label
      htmlFor="user-email"
    >
      Email
    </label>
    <input
      id="user-email"
      name="email"
      placeholder="enter email"
      required={true}
      type="text"
    />
     
    <br />
    <label
      htmlFor="user-message"
    >
      Message
    </label>
    <textarea
      id="user-message"
      name="message"
      placeholder="enter message"
      required={true}
    />
     
    <br />
    <button
      type="submit"
    >
      submit
    </button>
  </form>
</div>
`;
