// Jest Snapshot v1, https://goo.gl/fbAQLP

exports[`ContactPage component renders an ContactPage by default 1`] = `
<section
  className="contact-container"
>
  <form
    action="https://formspree.io/f/xzbkrnjz"
    className="contact-form"
    method="POST"
  >
    <section
      className="field-user-name"
    >
      <label
        htmlFor="user-name"
      >
        <h2>
          Name
        </h2>
      </label>
      <input
        id="user-name"
        name="name"
        placeholder="enter full name"
        required={true}
        type="text"
      />
    </section>
    <section
      className="field-user-email"
    >
      <label
        htmlFor="user-email"
      >
        <h2>
          Email
        </h2>
      </label>
      <input
        id="user-email"
        name="email"
        placeholder="enter email"
        required={true}
        type="text"
      />
    </section>
    <section
      className="field-user-message"
    >
      <label
        htmlFor="user-message"
      >
        <h2>
          Message
        </h2>
      </label>
      <textarea
        id="user-message"
        name="message"
        placeholder="enter message"
        required={true}
      />
    </section>
    <button
      type="submit"
    >
      submit
    </button>
  </form>
</section>
`;
