// Jest Snapshot v1, https://goo.gl/fbAQLP

exports[`PrintPage component renders an PrintPage by default 1`] = `
<section
  className="freeImg-container"
>
  <div
    className="img-download"
    key="0"
  >
    <img
      alt={0}
      className="img-cover"
      key="0"
      src="deep-diver-color.png"
    />
    <div
      className="download-btn"
    >
      <a
        download={true}
        href="deep-diver-color.png"
      >
        download
      </a>
    </div>
  </div>
  <div
    className="img-download"
    key="1"
  >
    <img
      alt={1}
      className="img-cover"
      key="1"
      src="fisherman.png"
    />
    <div
      className="download-btn"
    >
      <a
        download={true}
        href="fisherman.png"
      >
        download
      </a>
    </div>
  </div>
  <div
    className="img-download"
    key="2"
  >
    <img
      alt={2}
      className="img-cover"
      key="2"
      src="viking.png"
    />
    <div
      className="download-btn"
    >
      <a
        download={true}
        href="viking.png"
      >
        download
      </a>
    </div>
  </div>
</section>
`;
