// Jest Snapshot v1, https://goo.gl/fbAQLP

exports[`SelectedActivityPage component renders a SelectedActivityPage by default 1`] = `
<Fragment>
  <article
    className="single-activity"
  >
    <div
      className="single-activity-info"
    >
      <section>
        <h3 />
      </section>
      <section
        className="desc"
      >
        <hr />
        <h3>
          Supplies
        </h3>
      </section>
      <section>
        <hr />
        <h3>
          About Activity
        </h3>
      </section>
    </div>
  </article>
</Fragment>
`;
