// Jest Snapshot v1, https://goo.gl/fbAQLP

exports[`SelectedActivityPage component renders a SelectedActivityPage by default 1`] = `
<article
  className="single-activity"
>
  <div
    className="single-activity-info"
  >
    <section
      className="activity-title"
    >
      <h2 />
    </section>
    <div
      className="back-container"
    >
      <Link
        className="back-btn"
        to="/activities"
      >
        previous
      </Link>
      <Link
        className="back-btn"
        to="/add-activity"
      >
        add activity
      </Link>
    </div>
    <section
      className="supplies"
    >
      <div
        className="hr"
      />
      <h3>
        Supplies
      </h3>
      <div
        className="hr lower"
      />
      <p />
    </section>
    <section
      className="directions"
    >
      <div
        className="hr"
      />
      <h3>
        About Activity
      </h3>
      <div
        className="hr lower"
      />
      <p />
    </section>
  </div>
</article>
`;
