// Jest Snapshot v1, https://goo.gl/fbAQLP

exports[`ActivityCard component renders a .ActivityCard by default 1`] = `
<section>
  <div
    className="activity-card card"
  >
    <div
      className="hr"
    />
    <div
      className="title-card"
    >
      <h2
        className="title-text"
      />
    </div>
    <div
      className="hr lower-hr"
    />
    <div
      className="preview-card hidden"
    >
      <p
        className="preview-text"
      />
    </div>
    <div
      className="click-card-container"
    >
      <div>
        <Link
          className="activity-card-btn act-link"
          to="/activity/undefined"
        >
          read me
        </Link>
      </div>
      <div>
        <input
          className="activity-card-btn input-btn"
          onClick={[Function]}
          type="button"
          value="delete"
        />
      </div>
    </div>
  </div>
</section>
`;
