// Jest Snapshot v1, https://goo.gl/fbAQLP

exports[`Footer Component renders a Footer by default 1`] = `
<section
  className="footer-content"
>
  <div
    className="footer-grid container"
  >
    <div
      className="sign-up"
    >
      <h3>
        Stay Updated
      </h3>
      <p>
        Sign up for our newsletter to get the latest news, special offers, and event informatio
      </p>
      <div
        className="email-sign-up"
      >
        <form
          action="https://formspree.io/f/xzbkrnjz"
          className="email-form container"
          method="POST"
        >
          <input
            id="email"
            name="email"
            placeholder="email"
            required={true}
            type="text"
          />
          <input
            type="submit"
            value="x"
          />
        </form>
      </div>
    </div>
  </div>
  <div
    className="footer-nav"
  >
    <h3>
      Info
    </h3>
    <ul>
      <li>
        <Link
          to="/contact"
        >
          contact
        </Link>
      </li>
      <li>
        <Link
          to="/activities"
        >
          activities
        </Link>
      </li>
      <li>
        <Link
          to="/prints"
        >
          prints
        </Link>
      </li>
    </ul>
  </div>
  <div
    className="contact-container"
  >
    <div
      className="contact-info"
    >
      <h3>
        Current Mood
      </h3>
      <p>
        Somwhere in the Sonoran Desert
      </p>
    </div>
  </div>
</section>
`;
