// Jest Snapshot v1, https://goo.gl/fbAQLP

exports[`Footer Component renders a Footer by default 1`] = `
<section
  className="footer-content"
>
  <div
    className="footer-grid container"
  >
    <div
      className="sign-up"
    >
      <h3>
        Stay Updated
      </h3>
      <p>
        Sign up for our newsletter to get the latest news, special offers, and event information
      </p>
      <div
        className="email-sign-up"
      >
        <form
          action="https://formspree.io/f/xzbkrnjz"
          className="email-form container"
          method="POST"
        >
          <label
            className="email-label"
            htmlFor="email"
          >
            Say Hello!
          </label>
          <br />
          <input
            className="footer-email"
            id="email"
            name="email"
            placeholder="email"
            required={true}
            type="text"
          />
          <input
            id="img-btn"
            type="submit"
            value="submit"
          />
        </form>
      </div>
    </div>
    <div
      className="footer-mood"
    >
      <h3>
        Current Mood & Location
      </h3>
      <p>
        Sonoran Desert Sunset
      </p>
    </div>
  </div>
  <section
    className="mountain-container"
  >
    <div
      className="bg"
    >
      <div
        className="mountain"
      >
        <div
          className="mountain-top"
        >
          <div
            className="mountain-cap-1"
          />
          <div
            className="mountain-cap-2"
          />
          <div
            className="mountain-cap-3"
          />
        </div>
      </div>
      <div
        className="mountain-two"
      >
        <div
          className="mountain-top"
        >
          <div
            className="mountain-cap-1"
          />
          <div
            className="mountain-cap-2"
          />
          <div
            className="mountain-cap-3"
          />
        </div>
      </div>
      <div
        className="mountain-three"
      >
        <div
          className="mountain-top"
        >
          <div
            className="mountain-cap-1"
          />
          <div
            className="mountain-cap-2"
          />
          <div
            className="mountain-cap-3"
          />
        </div>
      </div>
      <div
        className="cloud"
      />
      <div
        className="cloud-two"
      />
    </div>
  </section>
</section>
`;
